Compiling src/neuromass/models/kuramoto/_native/cython_backend.pyx because it changed.
[1/1] Cythonizing src/neuromass/models/kuramoto/_native/cython_backend.pyx
running build_ext
building 'neuromass.models.kuramoto._native.cython_backend' extension
creating build/temp.macosx-11.0-x86_64-cpython-314/src/neuromass/models/kuramoto/_native
clang -fno-strict-overflow -Wsign-compare -Wunreachable-code -DNDEBUG -O2 -Wall -fPIC -O2 -isystem /Users/salma/miniconda3/envs/neuromass/include -fPIC -O2 -isystem /Users/salma/miniconda3/envs/neuromass/include -I/Users/salma/miniconda3/envs/neuromass/lib/python3.14/site-packages/numpy/_core/include -I/Users/salma/miniconda3/envs/neuromass/include/python3.14 -c src/neuromass/models/kuramoto/_native/cython_backend.c -o build/temp.macosx-11.0-x86_64-cpython-314/src/neuromass/models/kuramoto/_native/cython_backend.o -Xpreprocessor -fopenmp -I/usr/local/opt/libomp/include -O3
creating build/lib.macosx-11.0-x86_64-cpython-314/neuromass/models/kuramoto/_native
clang -bundle -undefined dynamic_lookup -Wl,-rpath,/Users/salma/miniconda3/envs/neuromass/lib -L/Users/salma/miniconda3/envs/neuromass/lib -Wl,-rpath,/Users/salma/miniconda3/envs/neuromass/lib -L/Users/salma/miniconda3/envs/neuromass/lib build/temp.macosx-11.0-x86_64-cpython-314/src/neuromass/models/kuramoto/_native/cython_backend.o -o build/lib.macosx-11.0-x86_64-cpython-314/neuromass/models/kuramoto/_native/cython_backend.cpython-314-darwin.so -Xpreprocessor -fopenmp -L/usr/local/opt/libomp/lib -lomp
ld: warning: duplicate -rpath '/Users/salma/miniconda3/envs/neuromass/lib' ignored
building 'neuromass.models.kuramoto._native.c_backend' extension
clang -fno-strict-overflow -Wsign-compare -Wunreachable-code -DNDEBUG -O2 -Wall -fPIC -O2 -isystem /Users/salma/miniconda3/envs/neuromass/include -fPIC -O2 -isystem /Users/salma/miniconda3/envs/neuromass/include -Isrc/neuromass/models/kuramoto/_native -I/Users/salma/miniconda3/envs/neuromass/lib/python3.14/site-packages/numpy/_core/include -I/Users/salma/miniconda3/envs/neuromass/include/python3.14 -c src/neuromass/models/kuramoto/_native/c_backend_wrapper.c -o build/temp.macosx-11.0-x86_64-cpython-314/src/neuromass/models/kuramoto/_native/c_backend_wrapper.o -Xpreprocessor -fopenmp -I/usr/local/opt/libomp/include -O3
clang -fno-strict-overflow -Wsign-compare -Wunreachable-code -DNDEBUG -O2 -Wall -fPIC -O2 -isystem /Users/salma/miniconda3/envs/neuromass/include -fPIC -O2 -isystem /Users/salma/miniconda3/envs/neuromass/include -Isrc/neuromass/models/kuramoto/_native -I/Users/salma/miniconda3/envs/neuromass/lib/python3.14/site-packages/numpy/_core/include -I/Users/salma/miniconda3/envs/neuromass/include/python3.14 -c src/neuromass/models/kuramoto/_native/kuramoto_c_kernel.c -o build/temp.macosx-11.0-x86_64-cpython-314/src/neuromass/models/kuramoto/_native/kuramoto_c_kernel.o -Xpreprocessor -fopenmp -I/usr/local/opt/libomp/include -O3
clang -bundle -undefined dynamic_lookup -Wl,-rpath,/Users/salma/miniconda3/envs/neuromass/lib -L/Users/salma/miniconda3/envs/neuromass/lib -Wl,-rpath,/Users/salma/miniconda3/envs/neuromass/lib -L/Users/salma/miniconda3/envs/neuromass/lib build/temp.macosx-11.0-x86_64-cpython-314/src/neuromass/models/kuramoto/_native/c_backend_wrapper.o build/temp.macosx-11.0-x86_64-cpython-314/src/neuromass/models/kuramoto/_native/kuramoto_c_kernel.o -o build/lib.macosx-11.0-x86_64-cpython-314/neuromass/models/kuramoto/_native/c_backend.cpython-314-darwin.so -Xpreprocessor -fopenmp -L/usr/local/opt/libomp/lib -lomp
ld: warning: duplicate -rpath '/Users/salma/miniconda3/envs/neuromass/lib' ignored
building 'neuromass.models.kuramoto._native.cpp_backend' extension
clang++ -fno-strict-overflow -Wsign-compare -Wunreachable-code -DNDEBUG -O2 -Wall -fPIC -O2 -isystem /Users/salma/miniconda3/envs/neuromass/include -fPIC -O2 -isystem /Users/salma/miniconda3/envs/neuromass/include -Isrc/neuromass/models/kuramoto/_native -I/Users/salma/miniconda3/envs/neuromass/lib/python3.14/site-packages/numpy/_core/include -I/Users/salma/miniconda3/envs/neuromass/include/python3.14 -c src/neuromass/models/kuramoto/_native/cpp_backend_wrapper.cpp -o build/temp.macosx-11.0-x86_64-cpython-314/src/neuromass/models/kuramoto/_native/cpp_backend_wrapper.o -Xpreprocessor -fopenmp -I/usr/local/opt/libomp/include -O3 -std=c++11
clang++ -fno-strict-overflow -Wsign-compare -Wunreachable-code -DNDEBUG -O2 -Wall -fPIC -O2 -isystem /Users/salma/miniconda3/envs/neuromass/include -fPIC -O2 -isystem /Users/salma/miniconda3/envs/neuromass/include -Isrc/neuromass/models/kuramoto/_native -I/Users/salma/miniconda3/envs/neuromass/lib/python3.14/site-packages/numpy/_core/include -I/Users/salma/miniconda3/envs/neuromass/include/python3.14 -c src/neuromass/models/kuramoto/_native/kuramoto_cpp_kernel.cpp -o build/temp.macosx-11.0-x86_64-cpython-314/src/neuromass/models/kuramoto/_native/kuramoto_cpp_kernel.o -Xpreprocessor -fopenmp -I/usr/local/opt/libomp/include -O3 -std=c++11
clang++ -fno-strict-overflow -Wsign-compare -Wunreachable-code -DNDEBUG -O2 -Wall -fPIC -O2 -isystem /Users/salma/miniconda3/envs/neuromass/include -fPIC -O2 -isystem /Users/salma/miniconda3/envs/neuromass/include -bundle -undefined dynamic_lookup -Wl,-rpath,/Users/salma/miniconda3/envs/neuromass/lib -L/Users/salma/miniconda3/envs/neuromass/lib -Wl,-rpath,/Users/salma/miniconda3/envs/neuromass/lib -L/Users/salma/miniconda3/envs/neuromass/lib build/temp.macosx-11.0-x86_64-cpython-314/src/neuromass/models/kuramoto/_native/cpp_backend_wrapper.o build/temp.macosx-11.0-x86_64-cpython-314/src/neuromass/models/kuramoto/_native/kuramoto_cpp_kernel.o -o build/lib.macosx-11.0-x86_64-cpython-314/neuromass/models/kuramoto/_native/cpp_backend.cpython-314-darwin.so -Xpreprocessor -fopenmp -L/usr/local/opt/libomp/lib -lomp
ld: warning: duplicate -rpath '/Users/salma/miniconda3/envs/neuromass/lib' ignored
copying build/lib.macosx-11.0-x86_64-cpython-314/neuromass/models/kuramoto/_native/cython_backend.cpython-314-darwin.so -> src/neuromass/models/kuramoto/_native
copying build/lib.macosx-11.0-x86_64-cpython-314/neuromass/models/kuramoto/_native/c_backend.cpython-314-darwin.so -> src/neuromass/models/kuramoto/_native
copying build/lib.macosx-11.0-x86_64-cpython-314/neuromass/models/kuramoto/_native/cpp_backend.cpython-314-darwin.so -> src/neuromass/models/kuramoto/_native
